2025-10-02 12:49:54,898 - INFO - Se descarga el modelo all-MiniLM-L6-v2
2025-10-02 12:49:52,132 - INFO - Se descarga el modelo Phi-4-mini-instruct
2025-10-30 04:37:12,400 - INFO - PyTorch version 2.2.2 available.
2025-10-30 04:37:12,400 - INFO - TensorFlow version 2.19.0 available.
2025-10-30 04:37:12,401 - INFO - JAX version 0.6.1 available.
2025-10-30 04:39:19,322 - INFO - Use pytorch device_name: mps
2025-10-30 04:39:19,323 - INFO - Load pretrained SentenceTransformer: all-MiniLM-L6-v2
2025-10-30 04:39:24,062 - INFO - Save model to ../modelos/all-MiniLM-L6-v2
2025-10-30 04:39:24,434 - INFO - Se descarga el modelo (all-MiniLM-L6-v2)
2025-10-30 04:40:04,779 - INFO - Use pytorch device_name: mps
2025-10-30 04:40:04,779 - INFO - Load pretrained SentenceTransformer: all-MiniLM-L12-v2
2025-10-30 04:40:18,815 - INFO - Save model to ../modelos/all-MiniLM-L12-v2
2025-10-30 04:40:19,266 - INFO - Se descarga el modelo (all-MiniLM-L12-v2)
2025-10-30 04:41:56,570 - INFO - [Inicio] Se descarga el modelo (Phi-4-mini-instruct)
2025-10-30 04:45:20,588 - INFO - [Fin] Se descarga el modelo (Phi-4-mini-instruct)
2025-11-05 05:37:12,400 - INFO - PyTorch version 2.2.2 available.
2025-11-05 05:37:12,400 - INFO - TensorFlow version 2.19.0 available.
2025-11-05 05:37:12,401 - INFO - JAX version 0.6.1 available.
2025-11-05 05:39:19,322 - INFO - Use pytorch device_name: mps
2025-11-05 05:39:19,323 - INFO - Load pretrained SentenceTransformer: all-MiniLM-L6-v2
2025-11-05 05:39:24,062 - INFO - Save model to ../modelos/all-MiniLM-L6-v2
2025-11-05 05:39:24,434 - INFO - Se descarga el modelo (all-MiniLM-L6-v2)
2025-11-05 05:40:04,779 - INFO - Use pytorch device_name: mps
2025-11-05 05:40:04,779 - INFO - Load pretrained SentenceTransformer: all-MiniLM-L12-v2
2025-11-05 05:40:18,815 - INFO - Save model to ../modelos/all-MiniLM-L12-v2
2025-11-05 05:40:19,266 - INFO - Se descarga el modelo (all-MiniLM-L12-v2)
2025-11-05 05:41:56,570 - INFO - [Inicio] Se descarga el modelo (Phi-4-mini-instruct)
2025-11-05 05:45:20,588 - INFO - [Fin] Se descarga el modelo (Phi-4-mini-instruct)